// Jest Snapshot v1, https://goo.gl/fbAQLP

exports[`Alert Dialog render should match exact snapshot 1`] = `<div />`;
